// Jest Snapshot v1, https://goo.gl/fbAQLP

exports[`plugin/generateTypeScriptFile works as expected 1`] = `
"/* eslint no-use-before-define: 0 */ // --> OFF
// prettier-ignore

// IMPORTANT! This file is autogenerated by the \`type-safe-next-pages\` 
// package. You should _not_ update these types manually...

declare module \\"next-type-safe-routes\\" {
  export type TypeSafePage = \\"/404\\" | \\"/\\" | { route: \\"/users/[userId]\\", userId: string | string[] | number } | \\"/users\\";
  export type TypeSafeApiRoute = { route: \\"/api/[authId]\\", authId: string | string[] | number } | { route: \\"/api/users/[userId]\\", userId: string | string[] | number } | \\"/api/users\\";

  export const getPathname = (typeSafeUrl: TypeSafePage | TypeSafeApiRoute) => string;
  export const getRoute = (typeSafeUrl: TypeSafePage | TypeSafeApiRoute, query?: any) => string;
}
"
`;
